2026-04-12 19:47:26.311 [INFO] o.s.t.c.s.AnnotationConfigContextLoaderUtils - Could not detect default configuration classes for test class [com.example.demo.DemoApplicationTests]: DemoApplicationTests does not declare any static, non-private, non-final, nested classes annotated with @Configuration.
2026-04-12 19:47:26.448 [INFO] o.s.b.t.c.SpringBootTestContextBootstrapper - Found @SpringBootConfiguration com.example.demo.DemoApplication for test class com.example.demo.DemoApplicationTests
2026-04-12 19:47:26.880 [INFO] o.h.validator.internal.util.Version - HV000001: Hibernate Validator 8.0.1.Final
2026-04-12 19:47:26.912 [INFO] c.example.demo.DemoApplicationTests - Starting DemoApplicationTests using Java 21.0.7 with PID 22880 (started by jcang1 in C:\Users\jcang1\OneDrive - bpi.com.ph\Java\Documents\workspace\Final_Individual_Project)
2026-04-12 19:47:26.914 [INFO] c.example.demo.DemoApplicationTests - No active profile set, falling back to 1 default profile: "default"
2026-04-12 19:47:28.179 [INFO] o.s.d.r.c.RepositoryConfigurationDelegate - Bootstrapping Spring Data JPA repositories in DEFAULT mode.
2026-04-12 19:47:28.253 [INFO] o.s.d.r.c.RepositoryConfigurationDelegate - Finished Spring Data repository scanning in 64 ms. Found 2 JPA repository interfaces.
2026-04-12 19:47:29.014 [INFO] o.h.jpa.internal.util.LogHelper - HHH000204: Processing PersistenceUnitInfo [name: default]
2026-04-12 19:47:29.081 [INFO] org.hibernate.Version - HHH000412: Hibernate ORM core version 6.5.3.Final
2026-04-12 19:47:29.127 [INFO] o.h.c.i.RegionFactoryInitiator - HHH000026: Second-level cache disabled
2026-04-12 19:47:29.489 [INFO] o.s.o.j.p.SpringPersistenceUnitInfo - No LoadTimeWeaver setup: ignoring JPA class transformer
2026-04-12 19:47:29.524 [INFO] com.zaxxer.hikari.HikariDataSource - HikariPool-1 - Starting...
2026-04-12 19:47:29.697 [INFO] com.zaxxer.hikari.pool.HikariPool - HikariPool-1 - Added connection org.postgresql.jdbc.PgConnection@47fa3671
2026-04-12 19:47:29.699 [INFO] com.zaxxer.hikari.HikariDataSource - HikariPool-1 - Start completed.
2026-04-12 19:47:29.726 [WARN] org.hibernate.orm.deprecation - HHH90000025: PostgreSQLDialect does not need to be specified explicitly using 'hibernate.dialect' (remove the property setting and it will be selected by default)
2026-04-12 19:47:30.784 [INFO] o.h.e.t.j.p.i.JtaPlatformInitiator - HHH000489: No JTA platform available (set 'hibernate.transaction.jta.platform' to enable JTA platform integration)
2026-04-12 19:47:30.860 [INFO] o.s.o.j.LocalContainerEntityManagerFactoryBean - Initialized JPA EntityManagerFactory for persistence unit 'default'
2026-04-12 19:47:31.569 [INFO] o.s.s.c.a.a.c.InitializeAuthenticationProviderBeanManagerConfigurer$InitializeAuthenticationProviderManagerConfigurer - Global AuthenticationManager configured with AuthenticationProvider bean with name authenticationProvider
2026-04-12 19:47:31.571 [WARN] o.s.s.c.a.a.c.InitializeUserDetailsBeanManagerConfigurer$InitializeUserDetailsManagerConfigurer - Global AuthenticationManager configured with an AuthenticationProvider bean. UserDetailsService beans will not be used for username/password login. Consider removing the AuthenticationProvider bean. Alternatively, consider using the UserDetailsService in a manually instantiated DaoAuthenticationProvider.
2026-04-12 19:47:32.484 [INFO] c.example.demo.DemoApplicationTests - Started DemoApplicationTests in 5.792 seconds (process running for 7.217)
2026-04-12 19:47:32.491 [INFO] c.example.demo.services.UserService - called method createUser
2026-04-12 19:47:32.917 [INFO] c.example.demo.services.UserService - called method createUser
2026-04-12 19:47:32.983 [INFO] c.example.demo.services.UserService - called method createUser
2026-04-12 19:47:33.049 [INFO] c.example.demo.services.UserService - called method createUser
2026-04-12 19:47:33.113 [INFO] c.example.demo.services.UserService - called method createUser
2026-04-12 19:47:34.092 [INFO] o.s.o.j.LocalContainerEntityManagerFactoryBean - Closing JPA EntityManagerFactory for persistence unit 'default'
2026-04-12 19:47:34.095 [INFO] com.zaxxer.hikari.HikariDataSource - HikariPool-1 - Shutdown initiated...
2026-04-12 19:47:34.107 [INFO] com.zaxxer.hikari.HikariDataSource - HikariPool-1 - Shutdown completed.
2026-04-12 19:55:02.618 [INFO] o.s.t.c.s.AnnotationConfigContextLoaderUtils - Could not detect default configuration classes for test class [com.example.demo.controller.BookControllerTest]: BookControllerTest does not declare any static, non-private, non-final, nested classes annotated with @Configuration.
2026-04-12 19:55:02.797 [INFO] o.s.b.t.c.SpringBootTestContextBootstrapper - Found @SpringBootConfiguration com.example.demo.DemoApplication for test class com.example.demo.controller.BookControllerTest
2026-04-12 19:55:03.134 [INFO] o.h.validator.internal.util.Version - HV000001: Hibernate Validator 8.0.1.Final
2026-04-12 19:55:03.175 [INFO] c.e.d.controller.BookControllerTest - Starting BookControllerTest using Java 21.0.7 with PID 22624 (started by jcang1 in C:\Users\jcang1\OneDrive - bpi.com.ph\Java\Documents\workspace\Final_Individual_Project)
2026-04-12 19:55:03.176 [INFO] c.e.d.controller.BookControllerTest - No active profile set, falling back to 1 default profile: "default"
2026-04-12 19:55:06.308 [WARN] o.s.b.a.s.s.UserDetailsServiceAutoConfiguration - 

Using generated security password: 44a81569-6ef4-4d43-aa87-0efeba9cb6e7

This generated password is for development use only. Your security configuration must be updated before running your application in production.

2026-04-12 19:55:06.353 [INFO] o.s.s.c.a.a.c.InitializeUserDetailsBeanManagerConfigurer$InitializeUserDetailsManagerConfigurer - Global AuthenticationManager configured with UserDetailsService bean with name inMemoryUserDetailsManager
2026-04-12 19:55:06.571 [INFO] o.s.b.t.m.w.SpringBootMockServletContext - Initializing Spring TestDispatcherServlet ''
2026-04-12 19:55:06.572 [INFO] o.s.t.w.s.TestDispatcherServlet - Initializing Servlet ''
2026-04-12 19:55:06.574 [INFO] o.s.t.w.s.TestDispatcherServlet - Completed initialization in 2 ms
2026-04-12 19:55:06.651 [INFO] c.e.d.controller.BookControllerTest - Started BookControllerTest in 3.738 seconds (process running for 5.036)
2026-04-12 19:56:35.007 [INFO] o.s.t.c.s.AnnotationConfigContextLoaderUtils - Could not detect default configuration classes for test class [com.example.demo.controller.BookControllerTest]: BookControllerTest does not declare any static, non-private, non-final, nested classes annotated with @Configuration.
2026-04-12 19:56:35.248 [INFO] o.s.b.t.c.SpringBootTestContextBootstrapper - Found @SpringBootConfiguration com.example.demo.DemoApplication for test class com.example.demo.controller.BookControllerTest
2026-04-12 19:56:35.592 [INFO] o.h.validator.internal.util.Version - HV000001: Hibernate Validator 8.0.1.Final
2026-04-12 19:56:35.638 [INFO] c.e.d.controller.BookControllerTest - Starting BookControllerTest using Java 21.0.7 with PID 18736 (started by jcang1 in C:\Users\jcang1\OneDrive - bpi.com.ph\Java\Documents\workspace\Final_Individual_Project)
2026-04-12 19:56:35.639 [INFO] c.e.d.controller.BookControllerTest - No active profile set, falling back to 1 default profile: "default"
2026-04-12 19:56:38.571 [WARN] o.s.b.a.s.s.UserDetailsServiceAutoConfiguration - 

Using generated security password: 0be56c67-fc91-410e-9beb-cef5b241a794

This generated password is for development use only. Your security configuration must be updated before running your application in production.

2026-04-12 19:56:38.613 [INFO] o.s.s.c.a.a.c.InitializeUserDetailsBeanManagerConfigurer$InitializeUserDetailsManagerConfigurer - Global AuthenticationManager configured with UserDetailsService bean with name inMemoryUserDetailsManager
2026-04-12 19:56:38.824 [INFO] o.s.b.t.m.w.SpringBootMockServletContext - Initializing Spring TestDispatcherServlet ''
2026-04-12 19:56:38.824 [INFO] o.s.t.w.s.TestDispatcherServlet - Initializing Servlet ''
2026-04-12 19:56:38.826 [INFO] o.s.t.w.s.TestDispatcherServlet - Completed initialization in 2 ms
2026-04-12 19:56:38.898 [INFO] c.e.d.controller.BookControllerTest - Started BookControllerTest in 3.534 seconds (process running for 4.713)
2026-04-12 19:56:39.069 [INFO] c.e.demo.controller.BookController - accessing /api/books/listBook
2026-04-12 19:56:39.296 [INFO] c.e.demo.controller.BookController - accessing /api/books/createBook
2026-04-12 19:56:39.328 [INFO] c.e.demo.controller.BookController - accessing /api/books/readBook
2026-04-12 19:56:39.336 [INFO] c.e.demo.controller.BookController - accessing /api/books/unReadBook
2026-04-12 19:56:39.349 [INFO] c.e.demo.controller.BookController - accessing /api/books/updateBook
2026-04-12 19:56:39.360 [INFO] c.e.demo.controller.BookController - accessing /api/books/delBook
2026-04-12 20:11:56.603 [INFO] o.h.validator.internal.util.Version - HV000001: Hibernate Validator 8.0.1.Final
2026-04-12 20:11:56.631 [INFO] com.example.demo.DemoApplication - Starting DemoApplication using Java 21.0.7 with PID 17248 (C:\Users\jcang1\OneDrive - bpi.com.ph\Java\Documents\workspace\Final_Individual_Project\target\classes started by jcang1 in C:\Users\jcang1\OneDrive - bpi.com.ph\Java\Documents\workspace\Final_Individual_Project)
2026-04-12 20:11:56.634 [INFO] com.example.demo.DemoApplication - No active profile set, falling back to 1 default profile: "default"
2026-04-12 20:11:57.189 [INFO] o.s.d.r.c.RepositoryConfigurationDelegate - Bootstrapping Spring Data JPA repositories in DEFAULT mode.
2026-04-12 20:11:57.239 [INFO] o.s.d.r.c.RepositoryConfigurationDelegate - Finished Spring Data repository scanning in 42 ms. Found 2 JPA repository interfaces.
2026-04-12 20:11:57.667 [INFO] o.s.b.w.e.tomcat.TomcatWebServer - Tomcat initialized with port 8080 (http)
2026-04-12 20:11:57.677 [INFO] o.a.coyote.http11.Http11NioProtocol - Initializing ProtocolHandler ["http-nio-8080"]
2026-04-12 20:11:57.680 [INFO] o.a.catalina.core.StandardService - Starting service [Tomcat]
2026-04-12 20:11:57.681 [INFO] o.a.catalina.core.StandardEngine - Starting Servlet engine: [Apache Tomcat/10.1.31]
2026-04-12 20:11:57.781 [INFO] o.a.c.c.C.[Tomcat].[localhost].[/] - Initializing Spring embedded WebApplicationContext
2026-04-12 20:11:57.781 [INFO] o.s.b.w.s.c.ServletWebServerApplicationContext - Root WebApplicationContext: initialization completed in 1106 ms
2026-04-12 20:11:57.970 [INFO] o.h.jpa.internal.util.LogHelper - HHH000204: Processing PersistenceUnitInfo [name: default]
2026-04-12 20:11:58.038 [INFO] org.hibernate.Version - HHH000412: Hibernate ORM core version 6.5.3.Final
2026-04-12 20:11:58.063 [INFO] o.h.c.i.RegionFactoryInitiator - HHH000026: Second-level cache disabled
2026-04-12 20:11:58.279 [INFO] o.s.o.j.p.SpringPersistenceUnitInfo - No LoadTimeWeaver setup: ignoring JPA class transformer
2026-04-12 20:11:58.303 [INFO] com.zaxxer.hikari.HikariDataSource - HikariPool-1 - Starting...
2026-04-12 20:11:58.444 [INFO] com.zaxxer.hikari.pool.HikariPool - HikariPool-1 - Added connection org.postgresql.jdbc.PgConnection@3c544c9
2026-04-12 20:11:58.444 [INFO] com.zaxxer.hikari.HikariDataSource - HikariPool-1 - Start completed.
2026-04-12 20:11:58.472 [WARN] org.hibernate.orm.deprecation - HHH90000025: PostgreSQLDialect does not need to be specified explicitly using 'hibernate.dialect' (remove the property setting and it will be selected by default)
2026-04-12 20:11:59.215 [INFO] o.h.e.t.j.p.i.JtaPlatformInitiator - HHH000489: No JTA platform available (set 'hibernate.transaction.jta.platform' to enable JTA platform integration)
2026-04-12 20:11:59.287 [INFO] o.s.o.j.LocalContainerEntityManagerFactoryBean - Initialized JPA EntityManagerFactory for persistence unit 'default'
2026-04-12 20:11:59.672 [INFO] o.s.s.c.a.a.c.InitializeAuthenticationProviderBeanManagerConfigurer$InitializeAuthenticationProviderManagerConfigurer - Global AuthenticationManager configured with AuthenticationProvider bean with name authenticationProvider
2026-04-12 20:11:59.673 [WARN] o.s.s.c.a.a.c.InitializeUserDetailsBeanManagerConfigurer$InitializeUserDetailsManagerConfigurer - Global AuthenticationManager configured with an AuthenticationProvider bean. UserDetailsService beans will not be used for username/password login. Consider removing the AuthenticationProvider bean. Alternatively, consider using the UserDetailsService in a manually instantiated DaoAuthenticationProvider.
2026-04-12 20:12:00.173 [INFO] o.a.coyote.http11.Http11NioProtocol - Starting ProtocolHandler ["http-nio-8080"]
2026-04-12 20:12:00.201 [INFO] o.s.b.w.e.tomcat.TomcatWebServer - Tomcat started on port 8080 (http) with context path '/'
2026-04-12 20:12:00.216 [INFO] com.example.demo.DemoApplication - Started DemoApplication in 3.865 seconds (process running for 4.604)
2026-04-12 20:12:00.222 [INFO] c.example.demo.services.UserService - called method createUser
2026-04-12 20:12:00.357 [WARN] c.example.demo.services.UserService - cannot create: existing username librarian_01
2026-04-12 20:12:00.358 [INFO] c.example.demo.services.UserService - called method createUser
2026-04-12 20:12:00.362 [WARN] c.example.demo.services.UserService - cannot create: existing username librarian_02
2026-04-12 20:12:00.362 [INFO] c.example.demo.services.UserService - called method createUser
2026-04-12 20:12:00.365 [WARN] c.example.demo.services.UserService - cannot create: existing username member_01
2026-04-12 20:12:00.367 [INFO] c.example.demo.services.UserService - called method createUser
2026-04-12 20:12:00.370 [WARN] c.example.demo.services.UserService - cannot create: existing username member_02
2026-04-12 20:12:00.370 [INFO] c.example.demo.services.UserService - called method createUser
2026-04-12 20:12:00.374 [WARN] c.example.demo.services.UserService - cannot create: existing username member_03
2026-04-12 20:12:18.119 [INFO] o.a.c.c.C.[Tomcat].[localhost].[/] - Initializing Spring DispatcherServlet 'dispatcherServlet'
2026-04-12 20:12:18.119 [INFO] o.s.web.servlet.DispatcherServlet - Initializing Servlet 'dispatcherServlet'
2026-04-12 20:12:18.120 [INFO] o.s.web.servlet.DispatcherServlet - Completed initialization in 1 ms
2026-04-12 20:12:18.285 [INFO] c.e.demo.controller.BookController - accessing /api/books/listBook
2026-04-12 20:14:07.042 [WARN] o.s.w.s.m.s.DefaultHandlerExceptionResolver - Resolved [org.springframework.web.HttpRequestMethodNotSupportedException: Request method 'GET' is not supported]
2026-04-12 20:15:42.177 [INFO] o.s.b.a.SpringApplicationAdminMXBeanRegistrar$SpringApplicationAdmin - Application shutdown requested.
2026-04-12 20:15:42.186 [INFO] o.a.coyote.http11.Http11NioProtocol - Stopping ProtocolHandler ["http-nio-8080"]
2026-04-12 20:15:42.218 [INFO] o.s.o.j.LocalContainerEntityManagerFactoryBean - Closing JPA EntityManagerFactory for persistence unit 'default'
2026-04-12 20:15:42.223 [INFO] com.zaxxer.hikari.HikariDataSource - HikariPool-1 - Shutdown initiated...
2026-04-12 20:15:42.231 [INFO] com.zaxxer.hikari.HikariDataSource - HikariPool-1 - Shutdown completed.
2026-04-12 20:16:07.968 [INFO] o.h.validator.internal.util.Version - HV000001: Hibernate Validator 8.0.1.Final
2026-04-12 20:16:07.994 [INFO] com.example.demo.DemoApplication - Starting DemoApplication using Java 21.0.7 with PID 25400 (C:\Users\jcang1\OneDrive - bpi.com.ph\Java\Documents\workspace\Final_Individual_Project\target\classes started by jcang1 in C:\Users\jcang1\OneDrive - bpi.com.ph\Java\Documents\workspace\Final_Individual_Project)
2026-04-12 20:16:07.996 [INFO] com.example.demo.DemoApplication - No active profile set, falling back to 1 default profile: "default"
2026-04-12 20:16:08.532 [INFO] o.s.d.r.c.RepositoryConfigurationDelegate - Bootstrapping Spring Data JPA repositories in DEFAULT mode.
2026-04-12 20:16:08.590 [INFO] o.s.d.r.c.RepositoryConfigurationDelegate - Finished Spring Data repository scanning in 49 ms. Found 2 JPA repository interfaces.
2026-04-12 20:16:08.987 [INFO] o.s.b.w.e.tomcat.TomcatWebServer - Tomcat initialized with port 8080 (http)
2026-04-12 20:16:08.997 [INFO] o.a.coyote.http11.Http11NioProtocol - Initializing ProtocolHandler ["http-nio-8080"]
2026-04-12 20:16:08.999 [INFO] o.a.catalina.core.StandardService - Starting service [Tomcat]
2026-04-12 20:16:09.000 [INFO] o.a.catalina.core.StandardEngine - Starting Servlet engine: [Apache Tomcat/10.1.31]
2026-04-12 20:16:09.046 [INFO] o.a.c.c.C.[Tomcat].[localhost].[/] - Initializing Spring embedded WebApplicationContext
2026-04-12 20:16:09.048 [INFO] o.s.b.w.s.c.ServletWebServerApplicationContext - Root WebApplicationContext: initialization completed in 1014 ms
2026-04-12 20:16:09.181 [INFO] o.h.jpa.internal.util.LogHelper - HHH000204: Processing PersistenceUnitInfo [name: default]
2026-04-12 20:16:09.237 [INFO] org.hibernate.Version - HHH000412: Hibernate ORM core version 6.5.3.Final
2026-04-12 20:16:09.259 [INFO] o.h.c.i.RegionFactoryInitiator - HHH000026: Second-level cache disabled
2026-04-12 20:16:09.457 [INFO] o.s.o.j.p.SpringPersistenceUnitInfo - No LoadTimeWeaver setup: ignoring JPA class transformer
2026-04-12 20:16:09.482 [INFO] com.zaxxer.hikari.HikariDataSource - HikariPool-1 - Starting...
2026-04-12 20:16:09.621 [INFO] com.zaxxer.hikari.pool.HikariPool - HikariPool-1 - Added connection org.postgresql.jdbc.PgConnection@63e70bf9
2026-04-12 20:16:09.622 [INFO] com.zaxxer.hikari.HikariDataSource - HikariPool-1 - Start completed.
2026-04-12 20:16:09.651 [WARN] org.hibernate.orm.deprecation - HHH90000025: PostgreSQLDialect does not need to be specified explicitly using 'hibernate.dialect' (remove the property setting and it will be selected by default)
2026-04-12 20:16:10.389 [INFO] o.h.e.t.j.p.i.JtaPlatformInitiator - HHH000489: No JTA platform available (set 'hibernate.transaction.jta.platform' to enable JTA platform integration)
2026-04-12 20:16:10.463 [INFO] o.s.o.j.LocalContainerEntityManagerFactoryBean - Initialized JPA EntityManagerFactory for persistence unit 'default'
2026-04-12 20:16:10.886 [INFO] o.s.s.c.a.a.c.InitializeAuthenticationProviderBeanManagerConfigurer$InitializeAuthenticationProviderManagerConfigurer - Global AuthenticationManager configured with AuthenticationProvider bean with name authenticationProvider
2026-04-12 20:16:10.887 [WARN] o.s.s.c.a.a.c.InitializeUserDetailsBeanManagerConfigurer$InitializeUserDetailsManagerConfigurer - Global AuthenticationManager configured with an AuthenticationProvider bean. UserDetailsService beans will not be used for username/password login. Consider removing the AuthenticationProvider bean. Alternatively, consider using the UserDetailsService in a manually instantiated DaoAuthenticationProvider.
2026-04-12 20:16:11.345 [INFO] o.a.coyote.http11.Http11NioProtocol - Starting ProtocolHandler ["http-nio-8080"]
2026-04-12 20:16:11.367 [INFO] o.s.b.w.e.tomcat.TomcatWebServer - Tomcat started on port 8080 (http) with context path '/'
2026-04-12 20:16:11.375 [INFO] com.example.demo.DemoApplication - Started DemoApplication in 3.635 seconds (process running for 4.293)
2026-04-12 20:16:11.378 [INFO] c.example.demo.services.UserService - called method createUser
2026-04-12 20:16:11.520 [WARN] c.example.demo.services.UserService - cannot create: existing username librarian_01
2026-04-12 20:16:11.521 [INFO] c.example.demo.services.UserService - called method createUser
2026-04-12 20:16:11.524 [WARN] c.example.demo.services.UserService - cannot create: existing username librarian_02
2026-04-12 20:16:11.524 [INFO] c.example.demo.services.UserService - called method createUser
2026-04-12 20:16:11.527 [WARN] c.example.demo.services.UserService - cannot create: existing username member_01
2026-04-12 20:16:11.528 [INFO] c.example.demo.services.UserService - called method createUser
2026-04-12 20:16:11.531 [WARN] c.example.demo.services.UserService - cannot create: existing username member_02
2026-04-12 20:16:11.533 [INFO] c.example.demo.services.UserService - called method createUser
2026-04-12 20:16:11.535 [WARN] c.example.demo.services.UserService - cannot create: existing username member_03
2026-04-12 20:16:15.412 [INFO] o.a.c.c.C.[Tomcat].[localhost].[/] - Initializing Spring DispatcherServlet 'dispatcherServlet'
2026-04-12 20:16:15.412 [INFO] o.s.web.servlet.DispatcherServlet - Initializing Servlet 'dispatcherServlet'
2026-04-12 20:16:15.415 [INFO] o.s.web.servlet.DispatcherServlet - Completed initialization in 3 ms
2026-04-12 20:16:15.593 [WARN] o.s.w.s.m.s.DefaultHandlerExceptionResolver - Resolved [org.springframework.web.HttpRequestMethodNotSupportedException: Request method 'GET' is not supported]
2026-04-12 20:18:13.421 [INFO] o.s.b.a.SpringApplicationAdminMXBeanRegistrar$SpringApplicationAdmin - Application shutdown requested.
2026-04-12 20:18:13.421 [INFO] o.a.coyote.http11.Http11NioProtocol - Stopping ProtocolHandler ["http-nio-8080"]
2026-04-12 20:18:13.439 [INFO] o.s.o.j.LocalContainerEntityManagerFactoryBean - Closing JPA EntityManagerFactory for persistence unit 'default'
2026-04-12 20:18:13.439 [INFO] com.zaxxer.hikari.HikariDataSource - HikariPool-1 - Shutdown initiated...
2026-04-12 20:18:13.455 [INFO] com.zaxxer.hikari.HikariDataSource - HikariPool-1 - Shutdown completed.
2026-04-12 20:20:01.679 [INFO] o.h.validator.internal.util.Version - HV000001: Hibernate Validator 8.0.1.Final
2026-04-12 20:20:01.707 [INFO] com.example.demo.DemoApplication - Starting DemoApplication using Java 21.0.7 with PID 9260 (C:\Users\jcang1\OneDrive - bpi.com.ph\Java\Documents\workspace\Final_Individual_Project\target\classes started by jcang1 in C:\Users\jcang1\OneDrive - bpi.com.ph\Java\Documents\workspace\Final_Individual_Project)
2026-04-12 20:20:01.710 [INFO] com.example.demo.DemoApplication - No active profile set, falling back to 1 default profile: "default"
2026-04-12 20:20:02.383 [INFO] o.s.d.r.c.RepositoryConfigurationDelegate - Bootstrapping Spring Data JPA repositories in DEFAULT mode.
2026-04-12 20:20:02.431 [INFO] o.s.d.r.c.RepositoryConfigurationDelegate - Finished Spring Data repository scanning in 42 ms. Found 2 JPA repository interfaces.
2026-04-12 20:20:02.832 [INFO] o.s.b.w.e.tomcat.TomcatWebServer - Tomcat initialized with port 8080 (http)
2026-04-12 20:20:02.850 [INFO] o.a.coyote.http11.Http11NioProtocol - Initializing ProtocolHandler ["http-nio-8080"]
2026-04-12 20:20:02.857 [INFO] o.a.catalina.core.StandardService - Starting service [Tomcat]
2026-04-12 20:20:02.858 [INFO] o.a.catalina.core.StandardEngine - Starting Servlet engine: [Apache Tomcat/10.1.31]
2026-04-12 20:20:02.927 [INFO] o.a.c.c.C.[Tomcat].[localhost].[/] - Initializing Spring embedded WebApplicationContext
2026-04-12 20:20:02.927 [INFO] o.s.b.w.s.c.ServletWebServerApplicationContext - Root WebApplicationContext: initialization completed in 1183 ms
2026-04-12 20:20:03.085 [INFO] o.h.jpa.internal.util.LogHelper - HHH000204: Processing PersistenceUnitInfo [name: default]
2026-04-12 20:20:03.137 [INFO] org.hibernate.Version - HHH000412: Hibernate ORM core version 6.5.3.Final
2026-04-12 20:20:03.182 [INFO] o.h.c.i.RegionFactoryInitiator - HHH000026: Second-level cache disabled
2026-04-12 20:20:03.457 [INFO] o.s.o.j.p.SpringPersistenceUnitInfo - No LoadTimeWeaver setup: ignoring JPA class transformer
2026-04-12 20:20:03.487 [INFO] com.zaxxer.hikari.HikariDataSource - HikariPool-1 - Starting...
2026-04-12 20:20:03.648 [INFO] com.zaxxer.hikari.pool.HikariPool - HikariPool-1 - Added connection org.postgresql.jdbc.PgConnection@6de84336
2026-04-12 20:20:03.649 [INFO] com.zaxxer.hikari.HikariDataSource - HikariPool-1 - Start completed.
2026-04-12 20:20:03.679 [WARN] org.hibernate.orm.deprecation - HHH90000025: PostgreSQLDialect does not need to be specified explicitly using 'hibernate.dialect' (remove the property setting and it will be selected by default)
2026-04-12 20:20:04.481 [INFO] o.h.e.t.j.p.i.JtaPlatformInitiator - HHH000489: No JTA platform available (set 'hibernate.transaction.jta.platform' to enable JTA platform integration)
2026-04-12 20:20:04.551 [INFO] o.s.o.j.LocalContainerEntityManagerFactoryBean - Initialized JPA EntityManagerFactory for persistence unit 'default'
2026-04-12 20:20:05.026 [INFO] o.s.s.c.a.a.c.InitializeAuthenticationProviderBeanManagerConfigurer$InitializeAuthenticationProviderManagerConfigurer - Global AuthenticationManager configured with AuthenticationProvider bean with name authenticationProvider
2026-04-12 20:20:05.028 [WARN] o.s.s.c.a.a.c.InitializeUserDetailsBeanManagerConfigurer$InitializeUserDetailsManagerConfigurer - Global AuthenticationManager configured with an AuthenticationProvider bean. UserDetailsService beans will not be used for username/password login. Consider removing the AuthenticationProvider bean. Alternatively, consider using the UserDetailsService in a manually instantiated DaoAuthenticationProvider.
2026-04-12 20:20:05.454 [INFO] o.a.coyote.http11.Http11NioProtocol - Starting ProtocolHandler ["http-nio-8080"]
2026-04-12 20:20:05.475 [INFO] o.s.b.w.e.tomcat.TomcatWebServer - Tomcat started on port 8080 (http) with context path '/'
2026-04-12 20:20:05.483 [INFO] com.example.demo.DemoApplication - Started DemoApplication in 4.025 seconds (process running for 4.701)
2026-04-12 20:20:05.487 [INFO] c.example.demo.services.UserService - called method createUser
2026-04-12 20:20:05.606 [WARN] c.example.demo.services.UserService - cannot create: existing username librarian_01
2026-04-12 20:20:05.608 [INFO] c.example.demo.services.UserService - called method createUser
2026-04-12 20:20:05.609 [WARN] c.example.demo.services.UserService - cannot create: existing username librarian_02
2026-04-12 20:20:05.610 [INFO] c.example.demo.services.UserService - called method createUser
2026-04-12 20:20:05.612 [WARN] c.example.demo.services.UserService - cannot create: existing username member_01
2026-04-12 20:20:05.613 [INFO] c.example.demo.services.UserService - called method createUser
2026-04-12 20:20:05.616 [WARN] c.example.demo.services.UserService - cannot create: existing username member_02
2026-04-12 20:20:05.616 [INFO] c.example.demo.services.UserService - called method createUser
2026-04-12 20:20:05.619 [WARN] c.example.demo.services.UserService - cannot create: existing username member_03
2026-04-12 20:20:10.517 [INFO] o.a.c.c.C.[Tomcat].[localhost].[/] - Initializing Spring DispatcherServlet 'dispatcherServlet'
2026-04-12 20:20:10.517 [INFO] o.s.web.servlet.DispatcherServlet - Initializing Servlet 'dispatcherServlet'
2026-04-12 20:20:10.518 [INFO] o.s.web.servlet.DispatcherServlet - Completed initialization in 1 ms
2026-04-12 20:20:10.692 [INFO] c.e.demo.controller.BookController - accessing /api/books/listBook
2026-04-12 20:20:17.885 [INFO] c.e.demo.controller.BookController - accessing /api/books/delBook
2026-04-12 20:20:17.885 [INFO] c.example.demo.services.BookService - called method valDelBook
2026-04-12 20:20:17.902 [WARN] c.example.demo.services.BookService - Cannot delete book. Outside the allowed created range. Should be more than 1 week and less then 1 year
2026-04-12 20:21:31.378 [INFO] c.e.demo.controller.BookController - accessing /api/books/delBook
2026-04-12 20:21:31.378 [INFO] c.example.demo.services.BookService - called method valDelBook
2026-04-12 20:21:31.424 [INFO] c.example.demo.services.BookService - Book id8
2026-04-12 20:21:31.424 [INFO] c.example.demo.services.BookService - Book Deleted
2026-04-12 20:22:17.741 [INFO] c.e.demo.controller.BookController - accessing /api/books/delBook
2026-04-12 20:22:17.741 [INFO] c.example.demo.services.BookService - called method valDelBook
2026-04-12 20:22:17.748 [WARN] c.example.demo.services.BookService - Cannot delete book. Outside the allowed created range. Should be more than 1 week and less then 1 year
2026-04-12 20:26:48.526 [INFO] c.e.demo.controller.BookController - accessing /api/books/readBook
2026-04-12 20:26:48.527 [INFO] c.example.demo.services.BookService - called method readBook
2026-04-12 20:26:48.527 [INFO] c.example.demo.services.BookService - Processing Book ID: 1
2026-04-12 20:26:48.530 [INFO] c.example.demo.services.BookService - Book id1
2026-04-12 20:26:48.534 [INFO] c.example.demo.services.BookService - updating book details
2026-04-12 20:26:48.561 [INFO] c.example.demo.services.BookService - book has been tagged as read
2026-04-12 20:26:48.561 [INFO] c.example.demo.services.BookService - Successful update!
2026-04-12 20:31:06.697 [INFO] o.s.b.a.SpringApplicationAdminMXBeanRegistrar$SpringApplicationAdmin - Application shutdown requested.
2026-04-12 20:31:06.705 [INFO] o.a.coyote.http11.Http11NioProtocol - Stopping ProtocolHandler ["http-nio-8080"]
2026-04-12 20:31:06.725 [INFO] o.s.o.j.LocalContainerEntityManagerFactoryBean - Closing JPA EntityManagerFactory for persistence unit 'default'
2026-04-12 20:31:06.733 [INFO] com.zaxxer.hikari.HikariDataSource - HikariPool-1 - Shutdown initiated...
2026-04-12 20:31:06.740 [INFO] com.zaxxer.hikari.HikariDataSource - HikariPool-1 - Shutdown completed.
2026-04-12 20:32:08.391 [INFO] o.h.validator.internal.util.Version - HV000001: Hibernate Validator 8.0.1.Final
2026-04-12 20:32:08.421 [INFO] com.example.demo.DemoApplication - Starting DemoApplication using Java 21.0.7 with PID 14440 (C:\Users\jcang1\OneDrive - bpi.com.ph\Java\Documents\workspace\Final_Individual_Project\target\classes started by jcang1 in C:\Users\jcang1\OneDrive - bpi.com.ph\Java\Documents\workspace\Final_Individual_Project)
2026-04-12 20:32:08.422 [INFO] com.example.demo.DemoApplication - No active profile set, falling back to 1 default profile: "default"
2026-04-12 20:32:09.059 [INFO] o.s.d.r.c.RepositoryConfigurationDelegate - Bootstrapping Spring Data JPA repositories in DEFAULT mode.
2026-04-12 20:32:09.135 [INFO] o.s.d.r.c.RepositoryConfigurationDelegate - Finished Spring Data repository scanning in 58 ms. Found 2 JPA repository interfaces.
2026-04-12 20:32:09.583 [INFO] o.s.b.w.e.tomcat.TomcatWebServer - Tomcat initialized with port 8080 (http)
2026-04-12 20:32:09.596 [INFO] o.a.coyote.http11.Http11NioProtocol - Initializing ProtocolHandler ["http-nio-8080"]
2026-04-12 20:32:09.600 [INFO] o.a.catalina.core.StandardService - Starting service [Tomcat]
2026-04-12 20:32:09.600 [INFO] o.a.catalina.core.StandardEngine - Starting Servlet engine: [Apache Tomcat/10.1.31]
2026-04-12 20:32:09.664 [INFO] o.a.c.c.C.[Tomcat].[localhost].[/] - Initializing Spring embedded WebApplicationContext
2026-04-12 20:32:09.664 [INFO] o.s.b.w.s.c.ServletWebServerApplicationContext - Root WebApplicationContext: initialization completed in 1208 ms
2026-04-12 20:32:09.813 [INFO] o.h.jpa.internal.util.LogHelper - HHH000204: Processing PersistenceUnitInfo [name: default]
2026-04-12 20:32:09.883 [INFO] org.hibernate.Version - HHH000412: Hibernate ORM core version 6.5.3.Final
2026-04-12 20:32:09.913 [INFO] o.h.c.i.RegionFactoryInitiator - HHH000026: Second-level cache disabled
2026-04-12 20:32:10.219 [INFO] o.s.o.j.p.SpringPersistenceUnitInfo - No LoadTimeWeaver setup: ignoring JPA class transformer
2026-04-12 20:32:10.245 [INFO] com.zaxxer.hikari.HikariDataSource - HikariPool-1 - Starting...
2026-04-12 20:32:10.414 [INFO] com.zaxxer.hikari.pool.HikariPool - HikariPool-1 - Added connection org.postgresql.jdbc.PgConnection@3a6556b6
2026-04-12 20:32:10.416 [INFO] com.zaxxer.hikari.HikariDataSource - HikariPool-1 - Start completed.
2026-04-12 20:32:10.450 [WARN] org.hibernate.orm.deprecation - HHH90000025: PostgreSQLDialect does not need to be specified explicitly using 'hibernate.dialect' (remove the property setting and it will be selected by default)
2026-04-12 20:32:11.295 [INFO] o.h.e.t.j.p.i.JtaPlatformInitiator - HHH000489: No JTA platform available (set 'hibernate.transaction.jta.platform' to enable JTA platform integration)
2026-04-12 20:32:11.389 [INFO] o.s.o.j.LocalContainerEntityManagerFactoryBean - Initialized JPA EntityManagerFactory for persistence unit 'default'
2026-04-12 20:32:11.845 [INFO] o.s.s.c.a.a.c.InitializeAuthenticationProviderBeanManagerConfigurer$InitializeAuthenticationProviderManagerConfigurer - Global AuthenticationManager configured with AuthenticationProvider bean with name authenticationProvider
2026-04-12 20:32:11.846 [WARN] o.s.s.c.a.a.c.InitializeUserDetailsBeanManagerConfigurer$InitializeUserDetailsManagerConfigurer - Global AuthenticationManager configured with an AuthenticationProvider bean. UserDetailsService beans will not be used for username/password login. Consider removing the AuthenticationProvider bean. Alternatively, consider using the UserDetailsService in a manually instantiated DaoAuthenticationProvider.
2026-04-12 20:32:12.274 [INFO] o.a.coyote.http11.Http11NioProtocol - Starting ProtocolHandler ["http-nio-8080"]
2026-04-12 20:32:12.296 [INFO] o.s.b.w.e.tomcat.TomcatWebServer - Tomcat started on port 8080 (http) with context path '/'
2026-04-12 20:32:12.305 [INFO] com.example.demo.DemoApplication - Started DemoApplication in 4.19 seconds (process running for 4.908)
2026-04-12 20:32:12.309 [INFO] c.example.demo.services.UserService - called method createUser
2026-04-12 20:32:12.432 [WARN] c.example.demo.services.UserService - cannot create: existing username librarian_01
2026-04-12 20:32:12.433 [INFO] c.example.demo.services.UserService - called method createUser
2026-04-12 20:32:12.436 [WARN] c.example.demo.services.UserService - cannot create: existing username librarian_02
2026-04-12 20:32:12.437 [INFO] c.example.demo.services.UserService - called method createUser
2026-04-12 20:32:12.441 [WARN] c.example.demo.services.UserService - cannot create: existing username member_01
2026-04-12 20:32:12.442 [INFO] c.example.demo.services.UserService - called method createUser
2026-04-12 20:32:12.445 [WARN] c.example.demo.services.UserService - cannot create: existing username member_02
2026-04-12 20:32:12.445 [INFO] c.example.demo.services.UserService - called method createUser
2026-04-12 20:32:12.448 [WARN] c.example.demo.services.UserService - cannot create: existing username member_03
2026-04-12 20:32:20.628 [INFO] o.a.c.c.C.[Tomcat].[localhost].[/] - Initializing Spring DispatcherServlet 'dispatcherServlet'
2026-04-12 20:32:20.629 [INFO] o.s.web.servlet.DispatcherServlet - Initializing Servlet 'dispatcherServlet'
2026-04-12 20:32:20.630 [INFO] o.s.web.servlet.DispatcherServlet - Completed initialization in 1 ms
2026-04-12 20:32:20.906 [INFO] c.e.demo.controller.BookController - accessing /api/books/readBook
2026-04-12 20:32:20.912 [INFO] c.example.demo.services.BookService - called method readBook
2026-04-12 20:32:20.913 [INFO] c.example.demo.services.BookService - Processing Book ID: 2
2026-04-12 20:32:20.956 [INFO] c.example.demo.services.BookService - Book id2
2026-04-12 20:32:20.960 [INFO] c.example.demo.services.BookService - updating book details
2026-04-12 20:32:21.028 [INFO] c.example.demo.services.BookService - book has been tagged as read
2026-04-12 20:32:21.029 [INFO] c.example.demo.services.BookService - Successful update!
2026-04-12 20:32:43.562 [INFO] c.e.demo.controller.BookController - accessing /api/books/unReadBook
2026-04-12 20:32:43.562 [INFO] c.example.demo.services.BookService - called method unReadBook
2026-04-12 20:32:43.563 [INFO] c.example.demo.services.BookService - Processing Book ID: 2
2026-04-12 20:32:43.565 [INFO] c.example.demo.services.BookService - Book id2
2026-04-12 20:32:43.566 [INFO] c.example.demo.services.BookService - updating book details
2026-04-12 20:32:43.571 [INFO] c.example.demo.services.BookService - book has been tagged as unread
2026-04-12 20:32:43.571 [INFO] c.example.demo.services.BookService - Successful update!
2026-04-12 20:32:50.573 [INFO] c.e.demo.controller.BookController - accessing /api/books/unReadBook
2026-04-12 20:32:50.573 [INFO] c.example.demo.services.BookService - called method unReadBook
2026-04-12 20:32:50.573 [INFO] c.example.demo.services.BookService - Processing Book ID: 1
2026-04-12 20:32:50.576 [INFO] c.example.demo.services.BookService - Book id1
2026-04-12 20:32:50.576 [INFO] c.example.demo.services.BookService - updating book details
2026-04-12 20:32:50.579 [INFO] c.example.demo.services.BookService - book has been tagged as unread
2026-04-12 20:32:50.579 [INFO] c.example.demo.services.BookService - Successful update!
2026-04-12 20:36:20.649 [INFO] c.e.demo.controller.BookController - accessing /api/books/createBook
2026-04-12 20:36:20.650 [INFO] c.example.demo.services.BookService - called method addBook
2026-04-12 20:36:20.673 [INFO] c.example.demo.services.BookService - Book created successfully!
2026-04-12 20:36:20.673 [INFO] c.example.demo.services.BookService - Book ID: 16
2026-04-12 20:36:20.673 [INFO] c.example.demo.services.BookService - Book Title: Echoes of the Quantum Void
2026-04-12 20:36:20.674 [INFO] c.example.demo.services.BookService - Book Author: Dr. Amelia Rowan
2026-04-12 20:36:20.674 [INFO] c.example.demo.services.BookService - Book publishedDate: 2017-09-14
2026-04-12 20:38:25.064 [WARN] o.s.w.s.m.s.DefaultHandlerExceptionResolver - Resolved [org.springframework.web.HttpRequestMethodNotSupportedException: Request method 'POST' is not supported]
2026-04-12 20:38:55.790 [INFO] c.e.demo.controller.BookController - accessing /api/books/updateBook
2026-04-12 20:38:55.790 [INFO] c.example.demo.services.BookService - called method updateBook
2026-04-12 20:38:55.797 [ERROR] o.a.c.c.C.[.[.[.[dispatcherServlet] - Servlet.service() for servlet [dispatcherServlet] in context with path [] threw exception [Request processing failed: java.util.NoSuchElementException: No value present] with root cause
java.util.NoSuchElementException: No value present
	at java.base/java.util.Optional.get(Optional.java:143)
	at com.example.demo.services.BookService.updateBook(BookService.java:114)
	at java.base/jdk.internal.reflect.DirectMethodHandleAccessor.invoke(DirectMethodHandleAccessor.java:103)
	at java.base/java.lang.reflect.Method.invoke(Method.java:580)
	at org.springframework.aop.support.AopUtils.invokeJoinpointUsingReflection(AopUtils.java:355)
	at org.springframework.aop.framework.CglibAopProxy$DynamicAdvisedInterceptor.intercept(CglibAopProxy.java:716)
	at com.example.demo.services.BookService$$SpringCGLIB$$0.updateBook(<generated>)
	at com.example.demo.controller.BookController.updateBook(BookController.java:62)
	at java.base/jdk.internal.reflect.DirectMethodHandleAccessor.invoke(DirectMethodHandleAccessor.java:103)
	at java.base/java.lang.reflect.Method.invoke(Method.java:580)
	at org.springframework.web.method.support.InvocableHandlerMethod.doInvoke(InvocableHandlerMethod.java:255)
	at org.springframework.web.method.support.InvocableHandlerMethod.invokeForRequest(InvocableHandlerMethod.java:188)
	at org.springframework.web.servlet.mvc.method.annotation.ServletInvocableHandlerMethod.invokeAndHandle(ServletInvocableHandlerMethod.java:118)
	at org.springframework.web.servlet.mvc.method.annotation.RequestMappingHandlerAdapter.invokeHandlerMethod(RequestMappingHandlerAdapter.java:926)
	at org.springframework.web.servlet.mvc.method.annotation.RequestMappingHandlerAdapter.handleInternal(RequestMappingHandlerAdapter.java:831)
	at org.springframework.web.servlet.mvc.method.AbstractHandlerMethodAdapter.handle(AbstractHandlerMethodAdapter.java:87)
	at org.springframework.web.servlet.DispatcherServlet.doDispatch(DispatcherServlet.java:1089)
	at org.springframework.web.servlet.DispatcherServlet.doService(DispatcherServlet.java:979)
	at org.springframework.web.servlet.FrameworkServlet.processRequest(FrameworkServlet.java:1014)
	at org.springframework.web.servlet.FrameworkServlet.service(FrameworkServlet.java:888)
	at jakarta.servlet.http.HttpServlet.service(HttpServlet.java:658)
	at org.apache.catalina.core.ApplicationFilterChain.internalDoFilter(ApplicationFilterChain.java:195)
	at org.apache.catalina.core.ApplicationFilterChain.doFilter(ApplicationFilterChain.java:140)
	at org.apache.tomcat.websocket.server.WsFilter.doFilter(WsFilter.java:51)
	at org.apache.catalina.core.ApplicationFilterChain.internalDoFilter(ApplicationFilterChain.java:164)
	at org.apache.catalina.core.ApplicationFilterChain.doFilter(ApplicationFilterChain.java:140)
	at org.springframework.web.filter.CompositeFilter$VirtualFilterChain.doFilter(CompositeFilter.java:108)
	at org.springframework.security.web.FilterChainProxy.lambda$doFilterInternal$3(FilterChainProxy.java:231)
	at org.springframework.security.web.FilterChainProxy$VirtualFilterChain.doFilter(FilterChainProxy.java:365)
	at org.springframework.security.web.access.intercept.AuthorizationFilter.doFilter(AuthorizationFilter.java:100)
	at org.springframework.security.web.FilterChainProxy$VirtualFilterChain.doFilter(FilterChainProxy.java:374)
	at org.springframework.security.web.access.ExceptionTranslationFilter.doFilter(ExceptionTranslationFilter.java:126)
	at org.springframework.security.web.access.ExceptionTranslationFilter.doFilter(ExceptionTranslationFilter.java:120)
	at org.springframework.security.web.FilterChainProxy$VirtualFilterChain.doFilter(FilterChainProxy.java:374)
	at org.springframework.security.web.authentication.AnonymousAuthenticationFilter.doFilter(AnonymousAuthenticationFilter.java:100)
	at org.springframework.security.web.FilterChainProxy$VirtualFilterChain.doFilter(FilterChainProxy.java:374)
	at org.springframework.security.web.servletapi.SecurityContextHolderAwareRequestFilter.doFilter(SecurityContextHolderAwareRequestFilter.java:179)
	at org.springframework.security.web.FilterChainProxy$VirtualFilterChain.doFilter(FilterChainProxy.java:374)
	at org.springframework.security.web.savedrequest.RequestCacheAwareFilter.doFilter(RequestCacheAwareFilter.java:63)
	at org.springframework.security.web.FilterChainProxy$VirtualFilterChain.doFilter(FilterChainProxy.java:374)
	at org.springframework.security.web.authentication.www.BasicAuthenticationFilter.doFilterInternal(BasicAuthenticationFilter.java:213)
	at org.springframework.web.filter.OncePerRequestFilter.doFilter(OncePerRequestFilter.java:116)
	at org.springframework.security.web.FilterChainProxy$VirtualFilterChain.doFilter(FilterChainProxy.java:374)
	at org.springframework.security.web.authentication.logout.LogoutFilter.doFilter(LogoutFilter.java:107)
	at org.springframework.security.web.authentication.logout.LogoutFilter.doFilter(LogoutFilter.java:93)
	at org.springframework.security.web.FilterChainProxy$VirtualFilterChain.doFilter(FilterChainProxy.java:374)
	at org.springframework.security.web.header.HeaderWriterFilter.doHeadersAfter(HeaderWriterFilter.java:90)
	at org.springframework.security.web.header.HeaderWriterFilter.doFilterInternal(HeaderWriterFilter.java:75)
	at org.springframework.web.filter.OncePerRequestFilter.doFilter(OncePerRequestFilter.java:116)
	at org.springframework.security.web.FilterChainProxy$VirtualFilterChain.doFilter(FilterChainProxy.java:374)
	at org.springframework.security.web.context.SecurityContextHolderFilter.doFilter(SecurityContextHolderFilter.java:82)
	at org.springframework.security.web.context.SecurityContextHolderFilter.doFilter(SecurityContextHolderFilter.java:69)
	at org.springframework.security.web.FilterChainProxy$VirtualFilterChain.doFilter(FilterChainProxy.java:374)
	at org.springframework.security.web.context.request.async.WebAsyncManagerIntegrationFilter.doFilterInternal(WebAsyncManagerIntegrationFilter.java:62)
	at org.springframework.web.filter.OncePerRequestFilter.doFilter(OncePerRequestFilter.java:116)
	at org.springframework.security.web.FilterChainProxy$VirtualFilterChain.doFilter(FilterChainProxy.java:374)
	at org.springframework.security.web.session.DisableEncodeUrlFilter.doFilterInternal(DisableEncodeUrlFilter.java:42)
	at org.springframework.web.filter.OncePerRequestFilter.doFilter(OncePerRequestFilter.java:116)
	at org.springframework.security.web.FilterChainProxy$VirtualFilterChain.doFilter(FilterChainProxy.java:374)
	at org.springframework.security.web.FilterChainProxy.doFilterInternal(FilterChainProxy.java:233)
	at org.springframework.security.web.FilterChainProxy.doFilter(FilterChainProxy.java:191)
	at org.springframework.web.filter.CompositeFilter$VirtualFilterChain.doFilter(CompositeFilter.java:113)
	at org.springframework.web.servlet.handler.HandlerMappingIntrospector.lambda$createCacheFilter$3(HandlerMappingIntrospector.java:195)
	at org.springframework.web.filter.CompositeFilter$VirtualFilterChain.doFilter(CompositeFilter.java:113)
	at org.springframework.web.filter.CompositeFilter.doFilter(CompositeFilter.java:74)
	at org.springframework.security.config.annotation.web.configuration.WebMvcSecurityConfiguration$CompositeFilterChainProxy.doFilter(WebMvcSecurityConfiguration.java:230)
	at org.springframework.web.filter.DelegatingFilterProxy.invokeDelegate(DelegatingFilterProxy.java:362)
	at org.springframework.web.filter.DelegatingFilterProxy.doFilter(DelegatingFilterProxy.java:278)
	at org.apache.catalina.core.ApplicationFilterChain.internalDoFilter(ApplicationFilterChain.java:164)
	at org.apache.catalina.core.ApplicationFilterChain.doFilter(ApplicationFilterChain.java:140)
	at org.springframework.web.filter.RequestContextFilter.doFilterInternal(RequestContextFilter.java:100)
	at org.springframework.web.filter.OncePerRequestFilter.doFilter(OncePerRequestFilter.java:116)
	at org.apache.catalina.core.ApplicationFilterChain.internalDoFilter(ApplicationFilterChain.java:164)
	at org.apache.catalina.core.ApplicationFilterChain.doFilter(ApplicationFilterChain.java:140)
	at org.springframework.web.filter.FormContentFilter.doFilterInternal(FormContentFilter.java:93)
	at org.springframework.web.filter.OncePerRequestFilter.doFilter(OncePerRequestFilter.java:116)
	at org.apache.catalina.core.ApplicationFilterChain.internalDoFilter(ApplicationFilterChain.java:164)
	at org.apache.catalina.core.ApplicationFilterChain.doFilter(ApplicationFilterChain.java:140)
	at org.springframework.web.filter.CharacterEncodingFilter.doFilterInternal(CharacterEncodingFilter.java:201)
	at org.springframework.web.filter.OncePerRequestFilter.doFilter(OncePerRequestFilter.java:116)
	at org.apache.catalina.core.ApplicationFilterChain.internalDoFilter(ApplicationFilterChain.java:164)
	at org.apache.catalina.core.ApplicationFilterChain.doFilter(ApplicationFilterChain.java:140)
	at org.apache.catalina.core.StandardWrapperValve.invoke(StandardWrapperValve.java:167)
	at org.apache.catalina.core.StandardContextValve.invoke(StandardContextValve.java:90)
	at org.apache.catalina.authenticator.AuthenticatorBase.invoke(AuthenticatorBase.java:483)
	at org.apache.catalina.core.StandardHostValve.invoke(StandardHostValve.java:115)
	at org.apache.catalina.valves.ErrorReportValve.invoke(ErrorReportValve.java:93)
	at org.apache.catalina.core.StandardEngineValve.invoke(StandardEngineValve.java:74)
	at org.apache.catalina.connector.CoyoteAdapter.service(CoyoteAdapter.java:344)
	at org.apache.coyote.http11.Http11Processor.service(Http11Processor.java:384)
	at org.apache.coyote.AbstractProcessorLight.process(AbstractProcessorLight.java:63)
	at org.apache.coyote.AbstractProtocol$ConnectionHandler.process(AbstractProtocol.java:905)
	at org.apache.tomcat.util.net.NioEndpoint$SocketProcessor.doRun(NioEndpoint.java:1741)
	at org.apache.tomcat.util.net.SocketProcessorBase.run(SocketProcessorBase.java:52)
	at org.apache.tomcat.util.threads.ThreadPoolExecutor.runWorker(ThreadPoolExecutor.java:1190)
	at org.apache.tomcat.util.threads.ThreadPoolExecutor$Worker.run(ThreadPoolExecutor.java:659)
	at org.apache.tomcat.util.threads.TaskThread$WrappingRunnable.run(TaskThread.java:63)
	at java.base/java.lang.Thread.run(Thread.java:1583)
2026-04-12 20:39:07.070 [INFO] c.e.demo.controller.BookController - accessing /api/books/updateBook
2026-04-12 20:39:07.070 [INFO] c.example.demo.services.BookService - called method updateBook
2026-04-12 20:39:07.073 [INFO] c.example.demo.services.BookService - Book id2
2026-04-12 20:39:07.073 [INFO] c.example.demo.services.BookService - Prev Book Title: Mindset
2026-04-12 20:39:07.073 [INFO] c.example.demo.services.BookService - Prev Book Author: Carol S. Dweck
2026-04-12 20:39:07.073 [INFO] c.example.demo.services.BookService - Prev Book Published Date: 2006-02-28
2026-04-12 20:39:07.073 [INFO] c.example.demo.services.BookService - updating book details
2026-04-12 20:39:07.079 [INFO] c.example.demo.services.BookService - Successful update!
2026-04-12 20:39:07.079 [INFO] c.example.demo.services.BookService - New Book Title: The Silent Architecture of Time
2026-04-12 20:39:07.079 [INFO] c.example.demo.services.BookService - New Book Author: Dr. Marcus Ellison
2026-04-12 20:39:07.079 [INFO] c.example.demo.services.BookService - New Book publishedDate: 2021-03-22
2026-04-12 20:39:31.560 [INFO] o.s.b.a.SpringApplicationAdminMXBeanRegistrar$SpringApplicationAdmin - Application shutdown requested.
2026-04-12 20:39:31.565 [INFO] o.a.coyote.http11.Http11NioProtocol - Stopping ProtocolHandler ["http-nio-8080"]
2026-04-12 20:39:31.583 [INFO] o.s.o.j.LocalContainerEntityManagerFactoryBean - Closing JPA EntityManagerFactory for persistence unit 'default'
2026-04-12 20:39:31.587 [INFO] com.zaxxer.hikari.HikariDataSource - HikariPool-1 - Shutdown initiated...
2026-04-12 20:39:31.597 [INFO] com.zaxxer.hikari.HikariDataSource - HikariPool-1 - Shutdown completed.
